19:22:04 **** Incremental Build of configuration Debug for project aws_hello ****
make pre-build main-build 
a9-linaro-pre-build-step
 
Building file: /proj/xhdhdstaff1/harinik/AWSQ/AmazonFreeRTOS_ForHelloDemo/AmazonFreeRTOS/demos/common/demo_runner/aws_demo_runner.c
Invoking: ARM v7 gcc compiler
arm-none-eabi-gcc -Wall -O0 -g3 -I/proj/xhdhdstaff1/harinik/AWSQ/AmazonFreeRTOS_ForHelloDemo/AmazonFreeRTOS/demos/common/include -I/proj/xhdhdstaff1/harinik/AWSQ/AmazonFreeRTOS_ForHelloDemo/AmazonFreeRTOS/lib/third_party/jsmn -I/proj/xhdhdstaff1/harinik/AWSQ/AmazonFreeRTOS_ForHelloDemo/AmazonFreeRTOS/lib/FreeRTOS-Plus-TCP/source/protocols/include -I/proj/xhdhdstaff1/harinik/AWSQ/AmazonFreeRTOS_ForHelloDemo/AmazonFreeRTOS/lib/FreeRTOS-Plus-TCP/source/portable/NetworkInterface/ -I/proj/xhdhdstaff1/harinik/AWSQ/AmazonFreeRTOS_ForHelloDemo/AmazonFreeRTOS/lib/FreeRTOS-Plus-TCP/source/portable/Compiler/GCC -I/proj/xhdhdstaff1/harinik/AWSQ/AmazonFreeRTOS_ForHelloDemo/AmazonFreeRTOS/lib/FreeRTOS-Plus-TCP/include -I/proj/xhdhdstaff1/harinik/AWSQ/AmazonFreeRTOS_ForHelloDemo/AmazonFreeRTOS/lib/third_party/pkcs11 -I/proj/xhdhdstaff1/harinik/AWSQ/AmazonFreeRTOS_ForHelloDemo/AmazonFreeRTOS/tests/common/third_party/unity/src -I/proj/xhdhdstaff1/harinik/AWSQ/AmazonFreeRTOS_ForHelloDemo/AmazonFreeRTOS/lib/include -I/proj/xhdhdstaff1/harinik/AWSQ/AmazonFreeRTOS_ForHelloDemo/AmazonFreeRTOS/lib/include/private -I/proj/xhdhdstaff1/harinik/AWSQ/AmazonFreeRTOS_ForHelloDemo/AmazonFreeRTOS/lib/FreeRTOS/portable/GCC/ARM_CA9 -I/proj/xhdhdstaff1/harinik/AWSQ/AmazonFreeRTOS_ForHelloDemo/AmazonFreeRTOS/demos/xilinx/microzed/common/config_files -I/proj/xhdhdstaff1/harinik/AWSQ/AmazonFreeRTOS_ForHelloDemo/AmazonFreeRTOS/lib/third_party/mbedtls/include -I/proj/xhdhdstaff1/harinik/AWSQ/AmazonFreeRTOS_ForHelloDemo/AmazonFreeRTOS/demos/xilinx/microzed/common/application_code/vendor_code -I"/proj/xhdhdstaff1/harinik/AWSQ/AmazonFreeRTOS_ForHelloDemo/AmazonFreeRTOS/demos/xilinx/microzed/SDK/test1_bsp/ps7_cortexa9_0/include" -c -fmessage-length=0 -MT"src/application_code/common_demos/source/aws_demo_runner.o" -mcpu=cortex-a9 -mfpu=vfpv3 -mfloat-abi=hard -I../../test1_bsp/ps7_cortexa9_0/include -MMD -MP -MF"src/application_code/common_demos/source/aws_demo_runner.d" -MT"src/application_code/common_demos/source/aws_demo_runner.o" -o "src/application_code/common_demos/source/aws_demo_runner.o" "/proj/xhdhdstaff1/harinik/AWSQ/AmazonFreeRTOS_ForHelloDemo/AmazonFreeRTOS/demos/common/demo_runner/aws_demo_runner.c"
/proj/xhdhdstaff1/harinik/AWSQ/AmazonFreeRTOS_ForHelloDemo/AmazonFreeRTOS/demos/common/demo_runner/aws_demo_runner.c: In function 'DEMO_RUNNER_RunDemos':
/proj/xhdhdstaff1/harinik/AWSQ/AmazonFreeRTOS_ForHelloDemo/AmazonFreeRTOS/demos/common/demo_runner/aws_demo_runner.c:61:5: warning: implicit declaration of function 'vStartGreenGrassDiscoveryTask' [-Wimplicit-function-declaration]
     vStartGreenGrassDiscoveryTask();
     ^~~~~~~~~~~~~~~~~~~~~~~~~~~~~
Finished building: /proj/xhdhdstaff1/harinik/AWSQ/AmazonFreeRTOS_ForHelloDemo/AmazonFreeRTOS/demos/common/demo_runner/aws_demo_runner.c
 
Building target: aws_hello.elf
Invoking: ARM v7 gcc linker
arm-none-eabi-gcc -mcpu=cortex-a9 -mfpu=vfpv3 -mfloat-abi=hard -Wl,-build-id=none -specs=Xilinx.spec -Wl,-T -Wl,../src/lscript.ld -L../../test1_bsp/ps7_cortexa9_0/lib -o "aws_hello.elf"  ./src/lib/third_party/mbedtls/source/aes.o ./src/lib/third_party/mbedtls/source/aesni.o ./src/lib/third_party/mbedtls/source/arc4.o ./src/lib/third_party/mbedtls/source/asn1parse.o ./src/lib/third_party/mbedtls/source/asn1write.o ./src/lib/third_party/mbedtls/source/base64.o ./src/lib/third_party/mbedtls/source/bignum.o ./src/lib/third_party/mbedtls/source/blowfish.o ./src/lib/third_party/mbedtls/source/camellia.o ./src/lib/third_party/mbedtls/source/ccm.o ./src/lib/third_party/mbedtls/source/certs.o ./src/lib/third_party/mbedtls/source/cipher.o ./src/lib/third_party/mbedtls/source/cipher_wrap.o ./src/lib/third_party/mbedtls/source/cmac.o ./src/lib/third_party/mbedtls/source/ctr_drbg.o ./src/lib/third_party/mbedtls/source/debug.o ./src/lib/third_party/mbedtls/source/des.o ./src/lib/third_party/mbedtls/source/dhm.o ./src/lib/third_party/mbedtls/source/ecdh.o ./src/lib/third_party/mbedtls/source/ecdsa.o ./src/lib/third_party/mbedtls/source/ecjpake.o ./src/lib/third_party/mbedtls/source/ecp.o ./src/lib/third_party/mbedtls/source/ecp_curves.o ./src/lib/third_party/mbedtls/source/entropy.o ./src/lib/third_party/mbedtls/source/entropy_poll.o ./src/lib/third_party/mbedtls/source/error.o ./src/lib/third_party/mbedtls/source/gcm.o ./src/lib/third_party/mbedtls/source/havege.o ./src/lib/third_party/mbedtls/source/hmac_drbg.o ./src/lib/third_party/mbedtls/source/md.o ./src/lib/third_party/mbedtls/source/md2.o ./src/lib/third_party/mbedtls/source/md4.o ./src/lib/third_party/mbedtls/source/md5.o ./src/lib/third_party/mbedtls/source/md_wrap.o ./src/lib/third_party/mbedtls/source/memory_buffer_alloc.o ./src/lib/third_party/mbedtls/source/net_sockets.o ./src/lib/third_party/mbedtls/source/oid.o ./src/lib/third_party/mbedtls/source/padlock.o ./src/lib/third_party/mbedtls/source/pem.o ./src/lib/third_party/mbedtls/source/pk.o ./src/lib/third_party/mbedtls/source/pk_wrap.o ./src/lib/third_party/mbedtls/source/pkcs12.o ./src/lib/third_party/mbedtls/source/pkcs5.o ./src/lib/third_party/mbedtls/source/pkparse.o ./src/lib/third_party/mbedtls/source/pkwrite.o ./src/lib/third_party/mbedtls/source/platform.o ./src/lib/third_party/mbedtls/source/ripemd160.o ./src/lib/third_party/mbedtls/source/rsa.o ./src/lib/third_party/mbedtls/source/rsa_internal.o ./src/lib/third_party/mbedtls/source/sha1.o ./src/lib/third_party/mbedtls/source/sha256.o ./src/lib/third_party/mbedtls/source/sha512.o ./src/lib/third_party/mbedtls/source/ssl_cache.o ./src/lib/third_party/mbedtls/source/ssl_ciphersuites.o ./src/lib/third_party/mbedtls/source/ssl_cli.o ./src/lib/third_party/mbedtls/source/ssl_cookie.o ./src/lib/third_party/mbedtls/source/ssl_srv.o ./src/lib/third_party/mbedtls/source/ssl_ticket.o ./src/lib/third_party/mbedtls/source/ssl_tls.o ./src/lib/third_party/mbedtls/source/threading.o ./src/lib/third_party/mbedtls/source/timing.o ./src/lib/third_party/mbedtls/source/version.o ./src/lib/third_party/mbedtls/source/version_features.o ./src/lib/third_party/mbedtls/source/x509.o ./src/lib/third_party/mbedtls/source/x509_create.o ./src/lib/third_party/mbedtls/source/x509_crl.o ./src/lib/third_party/mbedtls/source/x509_crt.o ./src/lib/third_party/mbedtls/source/x509_csr.o ./src/lib/third_party/mbedtls/source/x509write_crt.o ./src/lib/third_party/mbedtls/source/x509write_csr.o ./src/lib/third_party/mbedtls/source/xtea.o  ./src/lib/third_party/jsmn/jsmn.o  ./src/lib/aws/utils/aws_system_init.o  ./src/lib/aws/tls/aws_tls.o  ./src/lib/aws/secure_sockets/aws_secure_sockets.o  ./src/lib/aws/pkcs11/aws_pkcs11_mbedtls.o ./src/lib/aws/pkcs11/aws_pkcs11_pal.o  ./src/lib/aws/mqtt/aws_mqtt_agent.o ./src/lib/aws/mqtt/aws_mqtt_lib.o  ./src/lib/aws/greengrass/aws_greengrass_discovery.o ./src/lib/aws/greengrass/aws_helper_secure_connect.o  ./src/lib/aws/crypto/aws_crypto.o  ./src/lib/aws/bufferpool/aws_bufferpool_static_thread_safe.o  ./src/lib/aws/FreeRTOS/portable/MemMang/heap_4.o  ./src/lib/aws/FreeRTOS/portable/GCC/ARM_CA9/port.o ./src/lib/aws/FreeRTOS/portable/GCC/ARM_CA9/portASM.o  ./src/lib/aws/FreeRTOS-Plus-TCP/source/portable/NetworkInterface/Zynq/NetworkInterface.o ./src/lib/aws/FreeRTOS-Plus-TCP/source/portable/NetworkInterface/Zynq/x_emacpsif_dma.o ./src/lib/aws/FreeRTOS-Plus-TCP/source/portable/NetworkInterface/Zynq/x_emacpsif_hw.o ./src/lib/aws/FreeRTOS-Plus-TCP/source/portable/NetworkInterface/Zynq/x_emacpsif_physpeed.o  ./src/lib/aws/FreeRTOS-Plus-TCP/source/portable/BufferManagement/BufferAllocation_2.o  ./src/lib/aws/FreeRTOS-Plus-TCP/source/FreeRTOS_ARP.o ./src/lib/aws/FreeRTOS-Plus-TCP/source/FreeRTOS_DHCP.o ./src/lib/aws/FreeRTOS-Plus-TCP/source/FreeRTOS_DNS.o ./src/lib/aws/FreeRTOS-Plus-TCP/source/FreeRTOS_IP.o ./src/lib/aws/FreeRTOS-Plus-TCP/source/FreeRTOS_Sockets.o ./src/lib/aws/FreeRTOS-Plus-TCP/source/FreeRTOS_Stream_Buffer.o ./src/lib/aws/FreeRTOS-Plus-TCP/source/FreeRTOS_TCP_IP.o ./src/lib/aws/FreeRTOS-Plus-TCP/source/FreeRTOS_TCP_WIN.o ./src/lib/aws/FreeRTOS-Plus-TCP/source/FreeRTOS_UDP_IP.o  ./src/lib/aws/FreeRTOS/event_groups.o ./src/lib/aws/FreeRTOS/list.o ./src/lib/aws/FreeRTOS/queue.o ./src/lib/aws/FreeRTOS/stream_buffer.o ./src/lib/aws/FreeRTOS/tasks.o ./src/lib/aws/FreeRTOS/timers.o  ./src/application_code/vendor_code/FreeRTOS_asm_vectors.o ./src/application_code/vendor_code/FreeRTOS_tick_config.o ./src/application_code/vendor_code/hr_gettime.o ./src/application_code/vendor_code/memcpy.o ./src/application_code/vendor_code/uncached_memory.o  ./src/application_code/common_demos/source/aws_demo_runner.o ./src/application_code/common_demos/source/aws_dev_mode_key_provisioning.o ./src/application_code/common_demos/source/aws_greengrass_discovery_demo.o ./src/application_code/common_demos/source/aws_hello_world.o ./src/application_code/common_demos/source/aws_logging_task_dynamic_buffers.o  ./src/application_code/main.o   -Wl,--start-group,-lxil,-lgcc,-lc,--end-group -Wl,--start-group,-lxilffs,-lxil,-lgcc,-lc,--end-group
Finished building target: aws_hello.elf
 
Invoking: ARM v7 Print Size
arm-none-eabi-size aws_hello.elf  |tee "aws_hello.elf.size"
   text	   data	    bss	    dec	    hex	filename
 723068	   4936	4459200	5187204	 4f2684	aws_hello.elf
Finished building: aws_hello.elf.size
 

19:22:05 Build Finished (took 1s.323ms)

